
> stackly-app@0.1.0 build
> next build

node.exe : ΓÜá Warning: Next.js inferred your workspace root, but it may not be correct.
At line:1 char:1
+ & "C:\Program Files\nodejs/node.exe" "C:\Program Files\nodejs/node_mo ...
+ ~~~~~~~~~~~~~~~~~~~~~~~~~~~~~~~~~~~~~~~~~~~~~~~~~~~~~~~~~~~~~~~~~~~~~
    + CategoryInfo          : NotSpecified: (ΓÜá Warning: Ne...not be correct.:String) [], RemoteException
    + FullyQualifiedErrorId : NativeCommandError
 
 We detected multiple lockfiles and selected the directory of C:\Users\Varun\Downloads\package-lock.json as the root 
directory.
 To silence this warning, set `turbopack.root` in your Next.js config, or consider removing one of the lockfiles if 
it's not needed.
   See https://nextjs.org/docs/app/api-reference/config/next-config-js/turbopack#root-directory for more information.
 Detected additional lockfiles: 
   * C:\Users\Varun\Downloads\Icon blocks\stackly-app\package-lock.json

Γû▓ Next.js 16.2.3 (Turbopack)

  Creating an optimized production build ...

> Build error occurred
Error: Turbopack build failed with 10 errors:
./Icon blocks/stackly-app/src/components/Footer.tsx:3:1
Export Facebook doesn't exist in target module
  [90m1 |[0m ...[36mt[0m [33mReact[0m [36mfrom[0m [32m'react'[0m;
  [90m2 |[0m ...[36mt[0m [33mLink[0m [36mfrom[0m [32m'next/link'[0m;
[31m[1m>[0m [90m3 |[0m ...[36mt[0m { [33mMail[0m, [33mSend[0m, [33mFacebook[0m, [33mYoutube[0m, 
[33mInstagram[0m, [33mTwitter[0m, [33mLinkedin[0m, [33mGlobe[0m } [36mfrom[0m [32m'lucide-re...[0m
  [90m  |[0m    
[31m[1m^^^^^^^^^^^^^^^^^^^^^^^^^^^^^^^^^^^^^^^^^^^^^^^^^^^^^^^^^^^^^^^^^^^^^^^^^^^^^^^^^^^^^^^^^^^[0m
  [90m4 |[0m ...
  [90m5 |[0m ... [33mFooter[0m = () => {
  [90m6 |[0m ...[36murn[0m (

The export Facebook was not found in module [project]/Icon 
blocks/stackly-app/node_modules/lucide-react/dist/esm/lucide-react.js [app-client] (ecmascript).
Did you mean to import Webhook?
All exports of the module are statically known (It doesn't have dynamic exports). So it's known statically that the 
requested export doesn't exist.

Import traces:
  Client Component Browser:
    ./Icon blocks/stackly-app/src/components/Footer.tsx [Client Component Browser]
    ./Icon blocks/stackly-app/src/components/WorkspaceLayout.tsx [Client Component Browser]
    ./Icon blocks/stackly-app/src/app/page.tsx [Client Component Browser]
    ./Icon blocks/stackly-app/src/app/page.tsx [Server Component]

  Client Component SSR:
    ./Icon blocks/stackly-app/src/components/Footer.tsx [Client Component SSR]
    ./Icon blocks/stackly-app/src/components/WorkspaceLayout.tsx [Client Component SSR]
    ./Icon blocks/stackly-app/src/app/page.tsx [Client Component SSR]
    ./Icon blocks/stackly-app/src/app/page.tsx [Server Component]


./Icon blocks/stackly-app/src/components/Footer.tsx:3:1
Export Facebook doesn't exist in target module
  [90m1 |[0m ...[36mt[0m [33mReact[0m [36mfrom[0m [32m'react'[0m;
  [90m2 |[0m ...[36mt[0m [33mLink[0m [36mfrom[0m [32m'next/link'[0m;
[31m[1m>[0m [90m3 |[0m ...[36mt[0m { [33mMail[0m, [33mSend[0m, [33mFacebook[0m, [33mYoutube[0m, 
[33mInstagram[0m, [33mTwitter[0m, [33mLinkedin[0m, [33mGlobe[0m } [36mfrom[0m [32m'lucide-re...[0m
  [90m  |[0m    
[31m[1m^^^^^^^^^^^^^^^^^^^^^^^^^^^^^^^^^^^^^^^^^^^^^^^^^^^^^^^^^^^^^^^^^^^^^^^^^^^^^^^^^^^^^^^^^^^[0m
  [90m4 |[0m ...
  [90m5 |[0m ... [33mFooter[0m = () => {
  [90m6 |[0m ...[36murn[0m (

The export Facebook was not found in module [project]/Icon 
blocks/stackly-app/node_modules/lucide-react/dist/esm/lucide-react.js [app-ssr] (ecmascript).
Did you mean to import Webhook?
All exports of the module are statically known (It doesn't have dynamic exports). So it's known statically that the 
requested export doesn't exist.

Import traces:
  Client Component Browser:
    ./Icon blocks/stackly-app/src/components/Footer.tsx [Client Component Browser]
    ./Icon blocks/stackly-app/src/components/WorkspaceLayout.tsx [Client Component Browser]
    ./Icon blocks/stackly-app/src/app/page.tsx [Client Component Browser]
    ./Icon blocks/stackly-app/src/app/page.tsx [Server Component]

  Client Component SSR:
    ./Icon blocks/stackly-app/src/components/Footer.tsx [Client Component SSR]
    ./Icon blocks/stackly-app/src/components/WorkspaceLayout.tsx [Client Component SSR]
    ./Icon blocks/stackly-app/src/app/page.tsx [Client Component SSR]
    ./Icon blocks/stackly-app/src/app/page.tsx [Server Component]


./Icon blocks/stackly-app/src/components/Footer.tsx:3:1
Export Instagram doesn't exist in target module
  [90m1 |[0m ...[36mt[0m [33mReact[0m [36mfrom[0m [32m'react'[0m;
  [90m2 |[0m ...[36mt[0m [33mLink[0m [36mfrom[0m [32m'next/link'[0m;
[31m[1m>[0m [90m3 |[0m ...[36mt[0m { [33mMail[0m, [33mSend[0m, [33mFacebook[0m, [33mYoutube[0m, 
[33mInstagram[0m, [33mTwitter[0m, [33mLinkedin[0m, [33mGlobe[0m } [36mfrom[0m [32m'lucide-re...[0m
  [90m  |[0m    
[31m[1m^^^^^^^^^^^^^^^^^^^^^^^^^^^^^^^^^^^^^^^^^^^^^^^^^^^^^^^^^^^^^^^^^^^^^^^^^^^^^^^^^^^^^^^^^^^[0m
  [90m4 |[0m ...
  [90m5 |[0m ... [33mFooter[0m = () => {
  [90m6 |[0m ...[36murn[0m (

The export Instagram was not found in module [project]/Icon 
blocks/stackly-app/node_modules/lucide-react/dist/esm/lucide-react.js [app-client] (ecmascript).
Did you mean to import Star?
All exports of the module are statically known (It doesn't have dynamic exports). So it's known statically that the 
requested export doesn't exist.

Import traces:
  Client Component Browser:
    ./Icon blocks/stackly-app/src/components/Footer.tsx [Client Component Browser]
    ./Icon blocks/stackly-app/src/components/WorkspaceLayout.tsx [Client Component Browser]
    ./Icon blocks/stackly-app/src/app/page.tsx [Client Component Browser]
    ./Icon blocks/stackly-app/src/app/page.tsx [Server Component]

  Client Component SSR:
    ./Icon blocks/stackly-app/src/components/Footer.tsx [Client Component SSR]
    ./Icon blocks/stackly-app/src/components/WorkspaceLayout.tsx [Client Component SSR]
    ./Icon blocks/stackly-app/src/app/page.tsx [Client Component SSR]
    ./Icon blocks/stackly-app/src/app/page.tsx [Server Component]


./Icon blocks/stackly-app/src/components/Footer.tsx:3:1
Export Instagram doesn't exist in target module
  [90m1 |[0m ...[36mt[0m [33mReact[0m [36mfrom[0m [32m'react'[0m;
  [90m2 |[0m ...[36mt[0m [33mLink[0m [36mfrom[0m [32m'next/link'[0m;
[31m[1m>[0m [90m3 |[0m ...[36mt[0m { [33mMail[0m, [33mSend[0m, [33mFacebook[0m, [33mYoutube[0m, 
[33mInstagram[0m, [33mTwitter[0m, [33mLinkedin[0m, [33mGlobe[0m } [36mfrom[0m [32m'lucide-re...[0m
  [90m  |[0m    
[31m[1m^^^^^^^^^^^^^^^^^^^^^^^^^^^^^^^^^^^^^^^^^^^^^^^^^^^^^^^^^^^^^^^^^^^^^^^^^^^^^^^^^^^^^^^^^^^[0m
  [90m4 |[0m ...
  [90m5 |[0m ... [33mFooter[0m = () => {
  [90m6 |[0m ...[36murn[0m (

The export Instagram was not found in module [project]/Icon 
blocks/stackly-app/node_modules/lucide-react/dist/esm/lucide-react.js [app-ssr] (ecmascript).
Did you mean to import Star?
All exports of the module are statically known (It doesn't have dynamic exports). So it's known statically that the 
requested export doesn't exist.

Import traces:
  Client Component Browser:
    ./Icon blocks/stackly-app/src/components/Footer.tsx [Client Component Browser]
    ./Icon blocks/stackly-app/src/components/WorkspaceLayout.tsx [Client Component Browser]
    ./Icon blocks/stackly-app/src/app/page.tsx [Client Component Browser]
    ./Icon blocks/stackly-app/src/app/page.tsx [Server Component]

  Client Component SSR:
    ./Icon blocks/stackly-app/src/components/Footer.tsx [Client Component SSR]
    ./Icon blocks/stackly-app/src/components/WorkspaceLayout.tsx [Client Component SSR]
    ./Icon blocks/stackly-app/src/app/page.tsx [Client Component SSR]
    ./Icon blocks/stackly-app/src/app/page.tsx [Server Component]


./Icon blocks/stackly-app/src/components/Footer.tsx:3:1
Export Linkedin doesn't exist in target module
  [90m1 |[0m ...[36mt[0m [33mReact[0m [36mfrom[0m [32m'react'[0m;
  [90m2 |[0m ...[36mt[0m [33mLink[0m [36mfrom[0m [32m'next/link'[0m;
[31m[1m>[0m [90m3 |[0m ...[36mt[0m { [33mMail[0m, [33mSend[0m, [33mFacebook[0m, [33mYoutube[0m, 
[33mInstagram[0m, [33mTwitter[0m, [33mLinkedin[0m, [33mGlobe[0m } [36mfrom[0m [32m'lucide-re...[0m
  [90m  |[0m    
[31m[1m^^^^^^^^^^^^^^^^^^^^^^^^^^^^^^^^^^^^^^^^^^^^^^^^^^^^^^^^^^^^^^^^^^^^^^^^^^^^^^^^^^^^^^^^^^^[0m
  [90m4 |[0m ...
  [90m5 |[0m ... [33mFooter[0m = () => {
  [90m6 |[0m ...[36murn[0m (

The export Linkedin was not found in module [project]/Icon 
blocks/stackly-app/node_modules/lucide-react/dist/esm/lucide-react.js [app-client] (ecmascript).
Did you mean to import Link?
All exports of the module are statically known (It doesn't have dynamic exports). So it's known statically that the 
requested export doesn't exist.

Import traces:
  Client Component Browser:
    ./Icon blocks/stackly-app/src/components/Footer.tsx [Client Component Browser]
    ./Icon blocks/stackly-app/src/components/WorkspaceLayout.tsx [Client Component Browser]
    ./Icon blocks/stackly-app/src/app/page.tsx [Client Component Browser]
    ./Icon blocks/stackly-app/src/app/page.tsx [Server Component]

  Client Component SSR:
    ./Icon blocks/stackly-app/src/components/Footer.tsx [Client Component SSR]
    ./Icon blocks/stackly-app/src/components/WorkspaceLayout.tsx [Client Component SSR]
    ./Icon blocks/stackly-app/src/app/page.tsx [Client Component SSR]
    ./Icon blocks/stackly-app/src/app/page.tsx [Server Component]


./Icon blocks/stackly-app/src/components/Footer.tsx:3:1
Export Linkedin doesn't exist in target module
  [90m1 |[0m ...[36mt[0m [33mReact[0m [36mfrom[0m [32m'react'[0m;
  [90m2 |[0m ...[36mt[0m [33mLink[0m [36mfrom[0m [32m'next/link'[0m;
[31m[1m>[0m [90m3 |[0m ...[36mt[0m { [33mMail[0m, [33mSend[0m, [33mFacebook[0m, [33mYoutube[0m, 
[33mInstagram[0m, [33mTwitter[0m, [33mLinkedin[0m, [33mGlobe[0m } [36mfrom[0m [32m'lucide-re...[0m
  [90m  |[0m    
[31m[1m^^^^^^^^^^^^^^^^^^^^^^^^^^^^^^^^^^^^^^^^^^^^^^^^^^^^^^^^^^^^^^^^^^^^^^^^^^^^^^^^^^^^^^^^^^^[0m
  [90m4 |[0m ...
  [90m5 |[0m ... [33mFooter[0m = () => {
  [90m6 |[0m ...[36murn[0m (

The export Linkedin was not found in module [project]/Icon 
blocks/stackly-app/node_modules/lucide-react/dist/esm/lucide-react.js [app-ssr] (ecmascript).
Did you mean to import Link?
All exports of the module are statically known (It doesn't have dynamic exports). So it's known statically that the 
requested export doesn't exist.

Import traces:
  Client Component Browser:
    ./Icon blocks/stackly-app/src/components/Footer.tsx [Client Component Browser]
    ./Icon blocks/stackly-app/src/components/WorkspaceLayout.tsx [Client Component Browser]
    ./Icon blocks/stackly-app/src/app/page.tsx [Client Component Browser]
    ./Icon blocks/stackly-app/src/app/page.tsx [Server Component]

  Client Component SSR:
    ./Icon blocks/stackly-app/src/components/Footer.tsx [Client Component SSR]
    ./Icon blocks/stackly-app/src/components/WorkspaceLayout.tsx [Client Component SSR]
    ./Icon blocks/stackly-app/src/app/page.tsx [Client Component SSR]
    ./Icon blocks/stackly-app/src/app/page.tsx [Server Component]


./Icon blocks/stackly-app/src/components/Footer.tsx:3:1
Export Twitter doesn't exist in target module
  [90m1 |[0m ...[36mt[0m [33mReact[0m [36mfrom[0m [32m'react'[0m;
  [90m2 |[0m ...[36mt[0m [33mLink[0m [36mfrom[0m [32m'next/link'[0m;
[31m[1m>[0m [90m3 |[0m ...[36mt[0m { [33mMail[0m, [33mSend[0m, [33mFacebook[0m, [33mYoutube[0m, 
[33mInstagram[0m, [33mTwitter[0m, [33mLinkedin[0m, [33mGlobe[0m } [36mfrom[0m [32m'lucide-re...[0m
  [90m  |[0m    
[31m[1m^^^^^^^^^^^^^^^^^^^^^^^^^^^^^^^^^^^^^^^^^^^^^^^^^^^^^^^^^^^^^^^^^^^^^^^^^^^^^^^^^^^^^^^^^^^[0m
  [90m4 |[0m ...
  [90m5 |[0m ... [33mFooter[0m = () => {
  [90m6 |[0m ...[36murn[0m (

The export Twitter was not found in module [project]/Icon 
blocks/stackly-app/node_modules/lucide-react/dist/esm/lucide-react.js [app-client] (ecmascript).
Did you mean to import Timer?
All exports of the module are statically known (It doesn't have dynamic exports). So it's known statically that the 
requested export doesn't exist.

Import traces:
  Client Component Browser:
    ./Icon blocks/stackly-app/src/components/Footer.tsx [Client Component Browser]
    ./Icon blocks/stackly-app/src/components/WorkspaceLayout.tsx [Client Component Browser]
    ./Icon blocks/stackly-app/src/app/page.tsx [Client Component Browser]
    ./Icon blocks/stackly-app/src/app/page.tsx [Server Component]

  Client Component SSR:
    ./Icon blocks/stackly-app/src/components/Footer.tsx [Client Component SSR]
    ./Icon blocks/stackly-app/src/components/WorkspaceLayout.tsx [Client Component SSR]
    ./Icon blocks/stackly-app/src/app/page.tsx [Client Component SSR]
    ./Icon blocks/stackly-app/src/app/page.tsx [Server Component]


./Icon blocks/stackly-app/src/components/Footer.tsx:3:1
Export Twitter doesn't exist in target module
  [90m1 |[0m ...[36mt[0m [33mReact[0m [36mfrom[0m [32m'react'[0m;
  [90m2 |[0m ...[36mt[0m [33mLink[0m [36mfrom[0m [32m'next/link'[0m;
[31m[1m>[0m [90m3 |[0m ...[36mt[0m { [33mMail[0m, [33mSend[0m, [33mFacebook[0m, [33mYoutube[0m, 
[33mInstagram[0m, [33mTwitter[0m, [33mLinkedin[0m, [33mGlobe[0m } [36mfrom[0m [32m'lucide-re...[0m
  [90m  |[0m    
[31m[1m^^^^^^^^^^^^^^^^^^^^^^^^^^^^^^^^^^^^^^^^^^^^^^^^^^^^^^^^^^^^^^^^^^^^^^^^^^^^^^^^^^^^^^^^^^^[0m
  [90m4 |[0m ...
  [90m5 |[0m ... [33mFooter[0m = () => {
  [90m6 |[0m ...[36murn[0m (

The export Twitter was not found in module [project]/Icon 
blocks/stackly-app/node_modules/lucide-react/dist/esm/lucide-react.js [app-ssr] (ecmascript).
Did you mean to import Timer?
All exports of the module are statically known (It doesn't have dynamic exports). So it's known statically that the 
requested export doesn't exist.

Import traces:
  Client Component Browser:
    ./Icon blocks/stackly-app/src/components/Footer.tsx [Client Component Browser]
    ./Icon blocks/stackly-app/src/components/WorkspaceLayout.tsx [Client Component Browser]
    ./Icon blocks/stackly-app/src/app/page.tsx [Client Component Browser]
    ./Icon blocks/stackly-app/src/app/page.tsx [Server Component]

  Client Component SSR:
    ./Icon blocks/stackly-app/src/components/Footer.tsx [Client Component SSR]
    ./Icon blocks/stackly-app/src/components/WorkspaceLayout.tsx [Client Component SSR]
    ./Icon blocks/stackly-app/src/app/page.tsx [Client Component SSR]
    ./Icon blocks/stackly-app/src/app/page.tsx [Server Component]


./Icon blocks/stackly-app/src/components/Footer.tsx:3:1
Export Youtube doesn't exist in target module
  [90m1 |[0m ...[36mt[0m [33mReact[0m [36mfrom[0m [32m'react'[0m;
  [90m2 |[0m ...[36mt[0m [33mLink[0m [36mfrom[0m [32m'next/link'[0m;
[31m[1m>[0m [90m3 |[0m ...[36mt[0m { [33mMail[0m, [33mSend[0m, [33mFacebook[0m, [33mYoutube[0m, 
[33mInstagram[0m, [33mTwitter[0m, [33mLinkedin[0m, [33mGlobe[0m } [36mfrom[0m [32m'lucide-re...[0m
  [90m  |[0m    
[31m[1m^^^^^^^^^^^^^^^^^^^^^^^^^^^^^^^^^^^^^^^^^^^^^^^^^^^^^^^^^^^^^^^^^^^^^^^^^^^^^^^^^^^^^^^^^^^[0m
  [90m4 |[0m ...
  [90m5 |[0m ... [33mFooter[0m = () => {
  [90m6 |[0m ...[36murn[0m (

The export Youtube was not found in module [project]/Icon 
blocks/stackly-app/node_modules/lucide-react/dist/esm/lucide-react.js [app-client] (ecmascript).
Did you mean to import Route?
All exports of the module are statically known (It doesn't have dynamic exports). So it's known statically that the 
requested export doesn't exist.

Import traces:
  Client Component Browser:
    ./Icon blocks/stackly-app/src/components/Footer.tsx [Client Component Browser]
    ./Icon blocks/stackly-app/src/components/WorkspaceLayout.tsx [Client Component Browser]
    ./Icon blocks/stackly-app/src/app/page.tsx [Client Component Browser]
    ./Icon blocks/stackly-app/src/app/page.tsx [Server Component]

  Client Component SSR:
    ./Icon blocks/stackly-app/src/components/Footer.tsx [Client Component SSR]
    ./Icon blocks/stackly-app/src/components/WorkspaceLayout.tsx [Client Component SSR]
    ./Icon blocks/stackly-app/src/app/page.tsx [Client Component SSR]
    ./Icon blocks/stackly-app/src/app/page.tsx [Server Component]


./Icon blocks/stackly-app/src/components/Footer.tsx:3:1
Export Youtube doesn't exist in target module
  [90m1 |[0m ...[36mt[0m [33mReact[0m [36mfrom[0m [32m'react'[0m;
  [90m2 |[0m ...[36mt[0m [33mLink[0m [36mfrom[0m [32m'next/link'[0m;
[31m[1m>[0m [90m3 |[0m ...[36mt[0m { [33mMail[0m, [33mSend[0m, [33mFacebook[0m, [33mYoutube[0m, 
[33mInstagram[0m, [33mTwitter[0m, [33mLinkedin[0m, [33mGlobe[0m } [36mfrom[0m [32m'lucide-re...[0m
  [90m  |[0m    
[31m[1m^^^^^^^^^^^^^^^^^^^^^^^^^^^^^^^^^^^^^^^^^^^^^^^^^^^^^^^^^^^^^^^^^^^^^^^^^^^^^^^^^^^^^^^^^^^[0m
  [90m4 |[0m ...
  [90m5 |[0m ... [33mFooter[0m = () => {
  [90m6 |[0m ...[36murn[0m (

The export Youtube was not found in module [project]/Icon 
blocks/stackly-app/node_modules/lucide-react/dist/esm/lucide-react.js [app-ssr] (ecmascript).
Did you mean to import Route?
All exports of the module are statically known (It doesn't have dynamic exports). So it's known statically that the 
requested export doesn't exist.

Import traces:
  Client Component Browser:
    ./Icon blocks/stackly-app/src/components/Footer.tsx [Client Component Browser]
    ./Icon blocks/stackly-app/src/components/WorkspaceLayout.tsx [Client Component Browser]
    ./Icon blocks/stackly-app/src/app/page.tsx [Client Component Browser]
    ./Icon blocks/stackly-app/src/app/page.tsx [Server Component]

  Client Component SSR:
    ./Icon blocks/stackly-app/src/components/Footer.tsx [Client Component SSR]
    ./Icon blocks/stackly-app/src/components/WorkspaceLayout.tsx [Client Component SSR]
    ./Icon blocks/stackly-app/src/app/page.tsx [Client Component SSR]
    ./Icon blocks/stackly-app/src/app/page.tsx [Server Component]


    at <unknown> (./Icon blocks/stackly-app/src/components/Footer.tsx:3:1)
    at <unknown> (./Icon blocks/stackly-app/src/components/Footer.tsx:3:1)
    at <unknown> (./Icon blocks/stackly-app/src/components/Footer.tsx:3:1)
    at <unknown> (./Icon blocks/stackly-app/src/components/Footer.tsx:3:1)
    at <unknown> (./Icon blocks/stackly-app/src/components/Footer.tsx:3:1)
    at <unknown> (./Icon blocks/stackly-app/src/components/Footer.tsx:3:1)
    at <unknown> (./Icon blocks/stackly-app/src/components/Footer.tsx:3:1)
    at <unknown> (./Icon blocks/stackly-app/src/components/Footer.tsx:3:1)
    at <unknown> (./Icon blocks/stackly-app/src/components/Footer.tsx:3:1)
    at <unknown> (./Icon blocks/stackly-app/src/components/Footer.tsx:3:1)
